// Jest Snapshot v1, https://goo.gl/fbAQLP

exports[`adding file to initial state 1`] = `
Object {
  "/Users/danseethaler/Developer/electron/dayone-import-wizard/algorithm.txt": Object {
    "active": true,
    "dayone": Object {
      "d": "2000-01-01T12:00",
    },
    "filePath": "/Users/danseethaler/Developer/electron/dayone-import-wizard/algorithm.txt",
    "markdown": "",
    "status": "initializing",
    "title": "algorithm",
  },
}
`;
